Test gmpy2 Prime Testing Functions
==================================

>>> import gmpy2
>>> from gmpy2 import mpz

>>> gmpy2.is_fermat_prp(12345,2)
False
>>> gmpy2.is_fermat_prp(113,2)
True
>>> gmpy2.is_fermat_prp(1234,2)
False
>>> gmpy2.is_fermat_prp(1234,'a')
Traceback (most recent call last):
  ...
TypeError:
>>> gmpy2.is_fermat_prp(1234, 2, 3)
Traceback (most recent call last):
  ...
TypeError:
>>> gmpy2.is_fermat_prp(113, 1)
Traceback (most recent call last):
  ...
ValueError:
>>> gmpy2.is_fermat_prp(-113, 3)
Traceback (most recent call last):
  ...
ValueError:
>>> gmpy2.is_fermat_prp(339, 3)
Traceback (most recent call last):
  ...
ValueError:
>>> gmpy2.is_fermat_prp(mpz(12345),2)
False
>>> gmpy2.is_fermat_prp(113,mpz(2)
True

